2026-10-05 17:07:09 0 [Warning] failed to retrieve the MAC address
2026-10-05 17:07:09 0 [Warning] Could not increase number of max_open_files to more than 16384 (request: 32191)
2026-10-05 17:07:09 0 [Note] Starting MariaDB 10.11.14-MariaDB-0ubuntu0.24.04.1 source revision 053f9bcb5b147bf00edb99e1310bae9125b7f125 server_uid unknown as process 523
2026-10-05 17:07:09 0 [Note] InnoDB: Compressed tables use zlib 1.3
2026-10-05 17:07:09 0 [Note] InnoDB: Number of transaction pools: 1
2026-10-05 17:07:09 0 [Note] InnoDB: Using AVX512 instructions
2026-10-05 17:07:09 0 [Warning] mariadbd: io_uring_queue_init() failed with EPERM: sysctl kernel.io_uring_disabled has the value 2, or 1 and the user of the process is not a member of sysctl kernel.io_uring_group. (see man 2 io_uring_setup).
create_uring failed: falling back to libaio
2026-10-05 17:07:09 0 [Note] InnoDB: native AIO failed: falling back to innodb_use_native_aio=OFF
2026-10-05 17:07:09 0 [Note] InnoDB: innodb_buffer_pool_size_max=128m, innodb_buffer_pool_size=128m
2026-10-05 17:07:09 0 [Note] InnoDB: Completed initialization of buffer pool
2026-10-05 17:07:09 0 [Note] InnoDB: Buffered log writes (block size=512 bytes)
2026-10-05 17:07:09 0 [Note] InnoDB: End of log at LSN=1412396
2026-10-05 17:07:10 0 [Note] InnoDB: 128 rollback segments are active.
2026-10-05 17:07:10 0 [Note] InnoDB: Setting file './ibtmp1' size to 12.000MiB. Physically writing the file full; Please wait ...
2026-10-05 17:07:10 0 [Note] InnoDB: File './ibtmp1' size is now 12.000MiB.
2026-10-05 17:07:10 0 [Note] InnoDB: log sequence number 1412396; transaction id 1837
2026-10-05 17:07:10 0 [Note] Plugin 'FEEDBACK' is disabled.
2026-10-05 17:07:10 0 [Note] InnoDB: Loading buffer pool(s) from /workspace/scratch/ccedd853233f/runtime/mysql/ib_buffer_pool
2026-10-05 17:07:10 0 [Note] Server socket created on IP: '127.0.0.1', port: '13306'.
2026-10-05 17:07:10 0 [Note] /workspace/scratch/ccedd853233f/runtime/deps/usr/sbin/mariadbd: ready for connections.
Version: '10.11.14-MariaDB-0ubuntu0.24.04.1'  socket: ''  port: 13306  Ubuntu 24.04
2026-10-05 17:07:10 0 [Note] InnoDB: Buffer pool(s) load completed at 261005 17:07:10
2026-10-05 17:08:14 0 [Note] /workspace/scratch/ccedd853233f/runtime/deps/usr/sbin/mariadbd (initiated by: unknown): Normal shutdown
2026-10-05 17:08:14 0 [Note] InnoDB: FTS optimize thread exiting.
2026-10-05 17:08:14 0 [Note] InnoDB: Starting shutdown...
2026-10-05 17:08:14 0 [Note] InnoDB: Dumping buffer pool(s) to /workspace/scratch/ccedd853233f/runtime/mysql/ib_buffer_pool
2026-10-05 17:08:14 0 [Note] InnoDB: Buffer pool(s) dump completed at 261005 17:08:14
2026-10-05 17:08:14 0 [Note] InnoDB: Removed temporary tablespace data file: "./ibtmp1"
2026-10-05 17:08:14 0 [Note] InnoDB: Shutdown completed; log sequence number 1827055; transaction id 2417
2026-10-05 17:08:14 0 [Note] /workspace/scratch/ccedd853233f/runtime/deps/usr/sbin/mariadbd: Shutdown complete
